Nothing to build in platform 'system_wrapper'

22:06:45 **** Incremental Build of configuration Debug for project spiTest ****
make all 
make --no-print-directory pre-build
a9-linaro-pre-build-step
' '
make --no-print-directory main-build
'Building file: ../src/main.c'
'Invoking: ARM v7 gcc compiler'
arm-none-eabi-gcc -Wall -O0 -g3 -c -fmessage-length=0 -MT"src/main.o" -mcpu=cortex-a9 -mfpu=vfpv3 -mfloat-abi=hard -ID:/Consultancy/Vimanic/git/vimanic/adrv_lvds/sw/system_wrapper/export/system_wrapper/sw/system_wrapper/standalone_ps7_cortexa9_0/bspinclude/include -MMD -MP -MF"src/main.d" -MT"src/main.o" -o "src/main.o" "../src/main.c"
'Finished building: ../src/main.c'
' '
'Building target: spiTest.elf'
'Invoking: ARM v7 gcc linker'
arm-none-eabi-gcc -mcpu=cortex-a9 -mfpu=vfpv3 -mfloat-abi=hard -Wl,-build-id=none -specs=Xilinx.spec -Wl,-T -Wl,../src/lscript.ld -LD:/Consultancy/Vimanic/git/vimanic/adrv_lvds/sw/system_wrapper/export/system_wrapper/sw/system_wrapper/standalone_ps7_cortexa9_0/bsplib/lib -o "spiTest.elf"  ./src/adrv9361.o ./src/main.o ./src/spi.o   -Wl,--start-group,-lxil,-lgcc,-lc,--end-group
'Finished building target: spiTest.elf'
' '
'Invoking: ARM v7 Print Size'
arm-none-eabi-size spiTest.elf  |tee "spiTest.elf.size"
   text	   data	    bss	    dec	    hex	filename
  23742	   1160	  22600	  47502	   b98e	spiTest.elf
'Finished building: spiTest.elf.size'
' '
22:06:47 **** Incremental Build of configuration Debug for project spiTest_system ****
make all 
Generating bif file for the system project
generate_system_bif.bat 54928 D:/Consultancy/Vimanic/git/vimanic/adrv_lvds/sw/system_wrapper/export/system_wrapper/system_wrapper.xpfm standalone_ps7_cortexa9_0 D:/Consultancy/Vimanic/git/vimanic/adrv_lvds/sw/spiTest_system/Debug/system.bif
sdcard_gen --xpfm D:/Consultancy/Vimanic/git/vimanic/adrv_lvds/sw/system_wrapper/export/system_wrapper/system_wrapper.xpfm --sys_config system_wrapper --bif D:/Consultancy/Vimanic/git/vimanic/adrv_lvds/sw/spiTest_system/Debug/system.bif --no_bitstream --elf D:/Consultancy/Vimanic/git/vimanic/adrv_lvds/sw/spiTest/Debug/spiTest.elf,ps7_cortexa9_0
Running C:/Xilinx/Vitis/2021.1/bin/bootgen  -image D:/Consultancy/Vimanic/git/vimanic/adrv_lvds/sw/spiTest_system/Debug/sd_card_temp/boot.bif -w -o i BOOT.BIN
