17:12:21 **** Incremental Build of configuration Debug for project vhfSystemSoftware ****
make all 
make --no-print-directory pre-build
a9-linaro-pre-build-step
' '
make --no-print-directory main-build
'Building file: ../src/main.c'
'Invoking: ARM v7 gcc compiler'
arm-none-eabi-gcc -Wall -O0 -g3 -c -fmessage-length=0 -MT"src/main.o" -mcpu=cortex-a9 -mfpu=vfpv3 -mfloat-abi=hard -IE:/Projects/custSoM/custCC/sw/system_top/export/system_top/sw/system_top/standalone_ps7_cortexa9_0/bspinclude/include -MMD -MP -MF"src/main.d" -MT"src/main.o" -o "src/main.o" "../src/main.c"
../src/main.c: In function 'main':
../src/main.c:489:41: warning: passing argument 2 of 'ad9361_get_rx_lo_freq' from incompatible pointer type [-Wincompatible-pointer-types]
  489 |  ret = ad9361_get_rx_lo_freq(ad9361_phy,&bw);
      |                                         ^~~
      |                                         |
      |                                         uint32_t * {aka long unsigned int *}
In file included from ../src/main.c:52:
../src/ad9361_api.h:411:69: note: expected 'uint64_t *' {aka 'long long unsigned int *'} but argument is of type 'uint32_t *' {aka 'long unsigned int *'}
  411 | int32_t ad9361_get_rx_lo_freq (struct ad9361_rf_phy *phy, uint64_t *lo_freq_hz);
      |                                                           ~~~~~~~~~~^~~~~~~~~~
../src/main.c:497:41: warning: passing argument 2 of 'ad9361_get_tx_lo_freq' from incompatible pointer type [-Wincompatible-pointer-types]
  497 |  ret = ad9361_get_tx_lo_freq(ad9361_phy,&bw);
      |                                         ^~~
      |                                         |
      |                                         uint32_t * {aka long unsigned int *}
In file included from ../src/main.c:52:
../src/ad9361_api.h:490:69: note: expected 'uint64_t *' {aka 'long long unsigned int *'} but argument is of type 'uint32_t *' {aka 'long unsigned int *'}
  490 | int32_t ad9361_get_tx_lo_freq (struct ad9361_rf_phy *phy, uint64_t *lo_freq_hz);
      |                                                           ~~~~~~~~~~^~~~~~~~~~
../src/main.c:669:11: warning: unused variable 'attnValue' [-Wunused-variable]
  669 |     float attnValue;
      |           ^~~~~~~~~
../src/main.c:667:11: warning: unused variable 'currFreq' [-Wunused-variable]
  667 |     float currFreq;
      |           ^~~~~~~~
../src/main.c:665:9: warning: unused variable 'arincData' [-Wunused-variable]
  665 |     u32 arincData;
      |         ^~~~~~~~~
../src/main.c:486:6: warning: variable 'ret' set but not used [-Wunused-but-set-variable]
  486 |  int ret;
      |      ^~~
../src/main.c:465:10: warning: unused variable 'Status' [-Wunused-variable]
  465 |  int32_t Status;
      |          ^~~~~~
'Finished building: ../src/main.c'
' '
'Building target: vhfSystemSoftware.elf'
'Invoking: ARM v7 gcc linker'
arm-none-eabi-gcc -mcpu=cortex-a9 -mfpu=vfpv3 -mfloat-abi=hard -Wl,-build-id=none -specs=Xilinx.spec -Wl,-T -Wl,../src/lscript.ld -LE:/Projects/custSoM/custCC/sw/system_top/export/system_top/sw/system_top/standalone_ps7_cortexa9_0/bsplib/lib -o "vhfSystemSoftware.elf"  ./src/ad9361.o ./src/ad9361_api.o ./src/ad9361_conv.o ./src/ad9361_util.o ./src/ads118.o ./src/amModulator.o ./src/attenuator.o ./src/audioAmplifier.o ./src/delay.o ./src/gpio.o ./src/main.o ./src/rssiCalc.o ./src/sigmaDSP.o ./src/spi.o ./src/util.o ./src/xilinx_gpio.o ./src/xilinx_spi.o   -Wl,--start-group,-lxil,-lgcc,-lc,--end-group
'Finished building target: vhfSystemSoftware.elf'
' '
'Invoking: ARM v7 Print Size'
arm-none-eabi-size vhfSystemSoftware.elf  |tee "vhfSystemSoftware.elf.size"
   text	   data	    bss	    dec	    hex	filename
 220390	   9422	  26832	 256644	  3ea84	vhfSystemSoftware.elf
'Finished building: vhfSystemSoftware.elf.size'
' '

17:12:24 Build Finished (took 2s.315ms)

