#-----------------------------------------------------------
# Webtalk v2019.1 (64-bit)
# SW Build 2552052 on Fri May 24 14:49:42 MDT 2019
# IP Build 2548770 on Fri May 24 18:01:18 MDT 2019
# Start of session at: Tue Oct 18 11:39:30 2022
# Process ID: 2468
# Current directory: D:/analog/hdl-hdl_2019_r2/projects/adrv9361z7035/ccfmc_lvds/adrv9361z7035_ccfmc_lvds.sim/sim_1/behav/xsim
# Command line: wbtcv.exe -mode batch -source D:/analog/hdl-hdl_2019_r2/projects/adrv9361z7035/ccfmc_lvds/adrv9361z7035_ccfmc_lvds.sim/sim_1/behav/xsim/xsim.dir/spiBusMonitor_behav/webtalk/xsim_webtalk.tcl -notrace
# Log file: D:/analog/hdl-hdl_2019_r2/projects/adrv9361z7035/ccfmc_lvds/adrv9361z7035_ccfmc_lvds.sim/sim_1/behav/xsim/webtalk.log
# Journal file: D:/analog/hdl-hdl_2019_r2/projects/adrv9361z7035/ccfmc_lvds/adrv9361z7035_ccfmc_lvds.sim/sim_1/behav/xsim\webtalk.jou
#-----------------------------------------------------------
source D:/analog/hdl-hdl_2019_r2/projects/adrv9361z7035/ccfmc_lvds/adrv9361z7035_ccfmc_lvds.sim/sim_1/behav/xsim/xsim.dir/spiBusMonitor_behav/webtalk/xsim_webtalk.tcl -notrace
