#-----------------------------------------------------------
# Webtalk v2019.1 (64-bit)
# SW Build 2552052 on Fri May 24 14:49:42 MDT 2019
# IP Build 2548770 on Fri May 24 18:01:18 MDT 2019
# Start of session at: Wed Nov 16 16:32:02 2022
# Process ID: 15296
# Current directory: E:/Projects/viv_2019/analogDriverTest/ccfmc_lvds/adrv9361z7035_ccfmc_lvds.sim/sim_1/behav/xsim
# Command line: wbtcv.exe -mode batch -source E:/Projects/viv_2019/analogDriverTest/ccfmc_lvds/adrv9361z7035_ccfmc_lvds.sim/sim_1/behav/xsim/xsim.dir/decimation_behav/webtalk/xsim_webtalk.tcl -notrace
# Log file: E:/Projects/viv_2019/analogDriverTest/ccfmc_lvds/adrv9361z7035_ccfmc_lvds.sim/sim_1/behav/xsim/webtalk.log
# Journal file: E:/Projects/viv_2019/analogDriverTest/ccfmc_lvds/adrv9361z7035_ccfmc_lvds.sim/sim_1/behav/xsim\webtalk.jou
#-----------------------------------------------------------
source E:/Projects/viv_2019/analogDriverTest/ccfmc_lvds/adrv9361z7035_ccfmc_lvds.sim/sim_1/behav/xsim/xsim.dir/decimation_behav/webtalk/xsim_webtalk.tcl -notrace
